Microchip MPLAB XC8 Compiler V2.41

Linker command line:

-W-3 \
  --edf=C:/Program Files/Microchip/MPLABX/v6.15/packs/Microchip/PIC18Fxxxx_DFP/1.4.151/xc8\pic\dat\20230323171731_en.msgs \
  -cn -h+dist/default/debug\Project_One.debug.sym \
  --cmf=dist/default/debug\Project_One.debug.cmf -z -Q18F4620 \
  -oC:\Users\DELL\AppData\Local\Temp\xcAs2c4.\driver_tmp_3.o \
  --defsym=__MPLAB_BUILD=1 --fixupoverflow=error \
  -Mdist/default/debug/Project_One.debug.map \
  --md=C:\Users\DELL\AppData\Local\Temp\xcAs2c4.\driver_tmp_0.dat -E1 \
  -ver=XC8 Compiler --acfsm=1493 -ACODE=00h-0FFFFh -ACONST=00h-0FFFFh \
  -ASMALLCONST=01000h-010FFhx240 -AMEDIUMCONST=01000h-0FFFFh \
  -ACOMRAM=01h-07Fh -AABS1=00h-0F7Fh -ABIGRAM=01h-0F7Fh \
  -ARAM=080h-0FFh,0100h-01FFhx14,0F00h-0F7Fh -ABANK0=080h-0FFh \
  -ABANK1=0100h-01FFh -ABANK2=0200h-02FFh -ABANK3=0300h-03FFh \
  -ABANK4=0400h-04FFh -ABANK5=0500h-05FFh -ABANK6=0600h-06FFh \
  -ABANK7=0700h-07FFh -ABANK8=0800h-08FFh -ABANK9=0900h-09FFh \
  -ABANK10=0A00h-0AFFh -ABANK11=0B00h-0BFFh -ABANK12=0C00h-0CFFh \
  -ABANK13=0D00h-0DFFh -ABANK14=0E00h-0EFFh -ABANK15=0F00h-0F7Fh \
  -ASFR=0F80h-0FFFh -ABIGSFR=0F80h-0FFFh -ACONFIG=0300000h-030000Dh \
  -AIDLOC=0200000h-0200007h -AEEDATA=0F00000h-0F003FFh -peeprom_data=EEDATA \
  -preset_vec=00h,intcode=08h,intcodelo,powerup,init -pramtop=01000h \
  -psmallconst=SMALLCONST -pmediumconst=MEDIUMCONST -pconst=CONST \
  -AFARRAM=00h-00h \
  -prdata=COMRAM,nvrram=COMRAM,nvbit=COMRAM,rbss=COMRAM,rbit=COMRAM \
  -pfarbss=FARRAM,fardata=FARRAM,nvFARRAM=FARRAM \
  -pintsave_regs=BIGRAM,bigbss=BIGRAM,bigdata=BIGRAM -pbss=RAM \
  -pidata=CODE,irdata=CODE,ibigdata=CODE,ifardata=CODE -prparam=COMRAM \
  C:\Users\DELL\AppData\Local\Temp\xcAs2c4.\driver_tmp_9.o \
  dist/default/debug\Project_One.debug.o 

Object code version is 3.11

Machine type is 18F4620



                Name                               Link     Load   Length Selector   Space Scale
C:\Users\DELL\AppData\Local\Temp\xcAs2c4.\driver_tmp_9.o
                config                           300000   300000        E        0       4
                init                                  E        E        4        4       0
                reset_vec                             0        0        4        0       0
dist/default/debug\Project_One.debug.o
                intcode                               8        8        6        4       0
                config                           300000   300000        E        0       4
                temp                                 7C       7C        1        1       1
                smallconst                         1000     1000        8      800       0
                text27                             2E48     2E48        4      804       0
                text26                             2E44     2E44        4      804       0
                text25                             2D48     2D48       30      804       0
                text24                             2E40     2E40        4      804       0
                text23                             2E3C     2E3C        4      804       0
                text22                             2E38     2E38        4      804       0
                text21                             2DF4     2DF4       1A      804       0
                text20                             2DDA     2DDA       1A      804       0
                text19                             2DC0     2DC0       1A      804       0
                text18                             2DA6     2DA6       1A      804       0
                text17                             2E28     2E28        C      804       0
                text16                             2E1C     2E1C        C      804       0
                text15                             2CE6     2CE6       32      804       0
                text14                             2E0E     2E0E        E      804       0
                intcode_body                       1C8C     1C8C      376      804       0
                text12                             1008     1008      4C0      804       0
                text11                             18F2     18F2      39A      804       0
                text10                             14C8     14C8      42A      804       0
                text9                              29EA     29EA      106      804       0
                text8                              229C     229C      1B4      804       0
                text7                              276A     276A      144      804       0
                text6                              28AE     28AE      13C      804       0
                text5                              2C10     2C10       6C      804       0
                text4                              2002     2002      29A      804       0
                text3                              25EA     25EA      180      804       0
                text2                              2C7C     2C7C       6A      804       0
                text1                              2AF0     2AF0       9E      804       0
                text0                              2450     2450      19A      804       0
                cstackCOMRAM                          1        1       69        1       1
                cstackBANK0                          FD       FD        2       80       1
                cstackBANK1                         130      130        9      100       1
                dataBANK1                           100      100       30      100       1
                dataBANK0                            CF       CF       2E       80       1
                bssBANK0                             80       80       4F       80       1
                dataCOMRAM                           78       78        4        1       1
                bssCOMRAM                            6A       6A        E        1       1
                cinit                              2B8E     2B8E       82      804       0
                idataBANK1                         2D18     2D18       30      804       0
                idataBANK0                         2D78     2D78       2E      804       0
                idataCOMRAM                        2E34     2E34        4      804       0

TOTAL           Name                               Link     Load   Length     Space
        CLASS   CODE           
                intcode                               8        8        6         0
                init                                  E        E        4         0
                reset_vec                             0        0        4         0
                text27                             2E48     2E48        4         0
                text26                             2E44     2E44        4         0
                text25                             2D48     2D48       30         0
                text24                             2E40     2E40        4         0
                text23                             2E3C     2E3C        4         0
                text22                             2E38     2E38        4         0
                text21                             2DF4     2DF4       1A         0
                text20                             2DDA     2DDA       1A         0
                text19                             2DC0     2DC0       1A         0
                text18                             2DA6     2DA6       1A         0
                text17                             2E28     2E28        C         0
                text16                             2E1C     2E1C        C         0
                text15                             2CE6     2CE6       32         0
                text14                             2E0E     2E0E        E         0
                intcode_body                       1C8C     1C8C      376         0
                text12                             1008     1008      4C0         0
                text11                             18F2     18F2      39A         0
                text10                             14C8     14C8      42A         0
                text9                              29EA     29EA      106         0
                text8                              229C     229C      1B4         0
                text7                              276A     276A      144         0
                text6                              28AE     28AE      13C         0
                text5                              2C10     2C10       6C         0
                text4                              2002     2002      29A         0
                text3                              25EA     25EA      180         0
                text2                              2C7C     2C7C       6A         0
                text1                              2AF0     2AF0       9E         0
                text0                              2450     2450      19A         0
                cinit                              2B8E     2B8E       82         0
                idataBANK1                         2D18     2D18       30         0
                idataBANK0                         2D78     2D78       2E         0
                idataCOMRAM                        2E34     2E34        4         0

        CLASS   CONST          

        CLASS   SMALLCONST     
                smallconst                         1000     1000        8         0

        CLASS   MEDIUMCONST    

        CLASS   COMRAM         
                temp                                 7C       7C        1         1
                cstackCOMRAM                          1        1       69         1
                dataCOMRAM                           78       78        4         1
                bssCOMRAM                            6A       6A        E         1

        CLASS   ABS1           

        CLASS   BIGRAM         

        CLASS   RAM            

        CLASS   BANK0          
                cstackBANK0                          FD       FD        2         1
                dataBANK0                            CF       CF       2E         1
                bssBANK0                             80       80       4F         1

        CLASS   BANK1          
                cstackBANK1                         130      130        9         1
                dataBANK1                           100      100       30         1

        CLASS   BANK2          

        CLASS   BANK3          

        CLASS   BANK4          

        CLASS   BANK5          

        CLASS   BANK6          

        CLASS   BANK7          

        CLASS   BANK8          

        CLASS   BANK9          

        CLASS   BANK10         

        CLASS   BANK11         

        CLASS   BANK12         

        CLASS   BANK13         

        CLASS   BANK14         

        CLASS   BANK15         

        CLASS   SFR            

        CLASS   BIGSFR         

        CLASS   CONFIG         
                config                           300000   300000        E         4

        CLASS   IDLOC          

        CLASS   EEDATA         

        CLASS   FARRAM         

        CLASS   HEAP           

        CLASS   STACK          



SEGMENTS        Name                           Load    Length   Top    Selector   Space  Class

                reset_vec                      000000  000004  000004         0       0  CODE    
                cstackCOMRAM                   000001  00007C  00007D         1       1  COMRAM  
                intcode                        000008  00000A  000012         4       0  CODE    
                bssBANK0                       000080  00007F  0000FF        80       1  BANK0   
                dataBANK1                      000100  000039  000139       100       1  BANK1   
                smallconst                     001000  000008  001008       800       0  SMALLCON
                text12                         001008  001E44  002E4C       804       0  CODE    


UNUSED ADDRESS RANGES

        Name                Unused          Largest block    Delta
        BANK0            0000FF-0000FF                1
        BANK1            000139-0001FF               C7
        BANK10           000A00-000AFF              100
        BANK11           000B00-000BFF              100
        BANK12           000C00-000CFF              100
        BANK13           000D00-000DFF              100
        BANK14           000E00-000EFF              100
        BANK15           000F00-000F7F               80
        BANK2            000200-0002FF              100
        BANK3            000300-0003FF              100
        BANK4            000400-0004FF              100
        BANK5            000500-0005FF              100
        BANK6            000600-0006FF              100
        BANK7            000700-0007FF              100
        BANK8            000800-0008FF              100
        BANK9            000900-0009FF              100
        BIGRAM           00007D-00007F                3
                         0000FF-0000FF                1
                         000139-000F7F              E47
        BIGSFR           000F80-000FFF               80
        CODE             000004-000007                4
                         000012-000FFF              FEE
                         002E4C-00FFFF             D1B4
        COMRAM           00007D-00007F                3
        CONST            000004-000007                4
                         000012-000FFF              FEE
                         002E4C-00FFFF             D1B4
        EEDATA           F00000-F003FF              400
        IDLOC            200000-200007                8
        MEDIUMCONST      002E4C-00FFFF             D1B4
        RAM              0000FF-0000FF                1
                         000139-000F7F              100
        SFR              000F80-000FFF               80
        SMALLCONST       002E4C-00FFFF              100

                                  Symbol Table

?___fladd                               cstackCOMRAM 000044
?___fldiv                               cstackCOMRAM 000012
?___flmul                               cstackCOMRAM 00002B
?___fltol                               cstackCOMRAM 000054
?___xxtofl                              cstackCOMRAM 000004
CCP1_Captured_Mode_Read_Value@F3122     bssBANK0     000088
CCP1_Compare_Mode_Set_Value@F3142       bssBANK0     000086
CCP_PWM_Init@ccp_obj                    cstackCOMRAM 00005E
CCP_PWM_Init@ret                        cstackBANK1  000138
CCP_PWM_Set_Duty@ccp_obj                cstackCOMRAM 00005E
CCP_PWM_Set_Duty@duty                   cstackCOMRAM 000060
CCP_PWM_Set_Duty@l_duty_temp            cstackCOMRAM 000068
CCP_PWM_Set_Duty@ret                    cstackCOMRAM 000067
CCP_PWM_Start@ccp_obj                   cstackCOMRAM 000004
CCP_PWM_Start@ret                       cstackCOMRAM 000007
RB4_ISR@source                          cstackCOMRAM 000001
RB5_ISR@source                          cstackCOMRAM 000001
RB6_ISR@source                          cstackCOMRAM 000001
RB7_ISR@source                          cstackCOMRAM 000001
Relay_Initialize@F3042                  bssCOMRAM    000073
Relay_Turn_OFF@F3052                    bssCOMRAM    000071
Relay_Turn_ON@F3047                     bssCOMRAM    000072
Timer2_Init@ret                         cstackCOMRAM 000007
Timer2_Init@timer2                      cstackCOMRAM 000004
_ADCON0bits                             (abs)        000FC2
_ADCON1bits                             (abs)        000FC1
_ADCON2bits                             (abs)        000FC0
_ADC_ISR                                text27       002E48
_ADC_Interrupt_Handular                 bssBANK0     0000AC
_ADRESH                                 (abs)        000FC4
_ADRESL                                 (abs)        000FC3
_CCP1CONbits                            (abs)        000FBD
_CCP1_ISR                               text26       002E44
_CCP1_Interrupt_Hundeler                bssBANK0     00008C
_CCP2CONbits                            (abs)        000FBA
_CCP2_ISR                               text25       002D48
_CCP2_Interrupt_Hundeler                bssBANK0     00008A
_CCPR1H                                 (abs)        000FBF
_CCPR1L                                 (abs)        000FBE
_CCPR2L                                 (abs)        000FBB
_CCP_PWM_Init                           text4        002002
_CCP_PWM_Init$4354                      cstackBANK1  000130
_CCP_PWM_Init$4355                      cstackBANK1  000134
_CCP_PWM_Set_Duty                       text3        0025EA
_CCP_PWM_Set_Duty$4188                  cstackCOMRAM 000063
_CCP_PWM_Start                          text2        002C7C
_EEADR                                  (abs)        000FA9
_EEADRH                                 (abs)        000FAA
_EECON1bits                             (abs)        000FA6
_EECON2                                 (abs)        000FA7
_EEDATA                                 (abs)        000FA8
_INT0_ISR                               text24       002E40
_INT0_Interrupt_Handular                bssBANK0     0000AA
_INT1_ISR                               text23       002E3C
_INT1_Interrupt_Handular                bssBANK0     0000A8
_INT2_ISR                               text22       002E38
_INT2_Interrupt_Handular                bssBANK0     0000A6
_INTCON2bits                            (abs)        000FF1
_INTCON3bits                            (abs)        000FF0
_INTCONbits                             (abs)        000FF2
_Interrupt_Manager                      intcode      000008
_LATA                                   (abs)        000F89
_LATB                                   (abs)        000F8A
_LATC                                   (abs)        000F8B
_LATD                                   (abs)        000F8C
_LATE                                   (abs)        000F8D
_PIE1bits                               (abs)        000F9D
_PIE2bits                               (abs)        000FA0
_PIR1bits                               (abs)        000F9E
_PIR2bits                               (abs)        000FA1
_PORTA                                  (abs)        000F80
_PORTB                                  (abs)        000F81
_PORTBbits                              (abs)        000F81
_PORTC                                  (abs)        000F82
_PORTD                                  (abs)        000F83
_PORTE                                  (abs)        000F84
_PR2                                    (abs)        000FCB
_RB4_Flag                               dataCOMRAM   00007B
_RB4_ISR                                text21       002DF4
_RB4_Interrupt_Handular_HIGH            bssBANK0     0000A4
_RB4_Interrupt_Handular_LOW             bssBANK0     0000A2
_RB5_Flag                               dataCOMRAM   00007A
_RB5_ISR                                text20       002DDA
_RB5_Interrupt_Handular_HIGH            bssBANK0     0000A0
_RB5_Interrupt_Handular_LOW             bssBANK0     00009E
_RB6_Flag                               dataCOMRAM   000079
_RB6_ISR                                text19       002DC0
_RB6_Interrupt_Handular_HIGH            bssBANK0     00009C
_RB6_Interrupt_Handular_LOW             bssBANK0     00009A
_RB7_Flag                               dataCOMRAM   000078
_RB7_ISR                                text18       002DA6
_RB7_Interrupt_Handular_HIGH            bssBANK0     000098
_RB7_Interrupt_Handular_LOW             bssBANK0     000096
_T0CONbits                              (abs)        000FD5
_T1CONbits                              (abs)        000FCD
_T2CONbits                              (abs)        000FCA
_T3CONbits                              (abs)        000FB1
_TIMER0_ISR                             text17       002E28
_TIMER1_ISR                             text16       002E1C
_TIMER2_ISR                             text15       002CE6
_TIMER3_ISR                             text14       002E0E
_TMR0H                                  (abs)        000FD7
_TMR0L                                  (abs)        000FD6
_TMR0_Interrupt_Hundeler                bssBANK0     000094
_TMR1H                                  (abs)        000FCF
_TMR1L                                  (abs)        000FCE
_TMR1_Interrupt_Hundeler                bssBANK0     000092
_TMR2                                   (abs)        000FCC
_TMR2_Interrupt_Hundeler                bssCOMRAM    00006A
_TMR3H                                  (abs)        000FB3
_TMR3L                                  (abs)        000FB2
_TMR3_Interrupt_Hundeler                bssBANK0     000090
_TRISA                                  (abs)        000F92
_TRISB                                  (abs)        000F93
_TRISC                                  (abs)        000F94
_TRISD                                  (abs)        000F95
_TRISE                                  (abs)        000F96
_Timer2_Init                            text1        002AF0
__HRAM                                  (abs)        000000
__H__absolute__                         __absolute__ 000000
__Habs1                                 abs1         000000
__Hbank0                                bank0        000000
__Hbank1                                bank1        000000
__Hbank10                               bank10       000000
__Hbank11                               bank11       000000
__Hbank12                               bank12       000000
__Hbank13                               bank13       000000
__Hbank14                               bank14       000000
__Hbank15                               bank15       000000
__Hbank2                                bank2        000000
__Hbank3                                bank3        000000
__Hbank4                                bank4        000000
__Hbank5                                bank5        000000
__Hbank6                                bank6        000000
__Hbank7                                bank7        000000
__Hbank8                                bank8        000000
__Hbank9                                bank9        000000
__Hbigbss                               bigbss       000000
__Hbigdata                              bigdata      000000
__Hbigram                               bigram       000000
__Hbigsfr                               bigsfr       000000
__Hbss                                  bss          000000
__HbssBANK0                             bssBANK0     000000
__HbssCOMRAM                            bssCOMRAM    000000
__Hcinit                                cinit        000000
__Hclrtext                              clrtext      000000
__Hcomram                               comram       000000
__Hconfig                               config       30000E
__Hconst                                const        000000
__HcstackBANK0                          cstackBANK0  000000
__HcstackBANK1                          cstackBANK1  000000
__HcstackCOMRAM                         cstackCOMRAM 000000
__Hdata                                 data         000000
__HdataBANK0                            dataBANK0    000000
__HdataBANK1                            dataBANK1    000000
__HdataCOMRAM                           dataCOMRAM   000000
__Heeprom_data                          eeprom_data  000000
__Hfarbss                               farbss       000000
__Hfardata                              fardata      000000
__Hheap                                 heap         000000
__Hibigdata                             ibigdata     000000
__Hidata                                idata        000000
__HidataBANK0                           idataBANK0   000000
__HidataBANK1                           idataBANK1   000000
__HidataCOMRAM                          idataCOMRAM  000000
__Hidloc                                idloc        000000
__Hifardata                             ifardata     000000
__Hinit                                 init         000012
__Hintcode                              intcode      00000E
__Hintcode_body                         intcode_body 000000
__Hintcodelo                            intcodelo    00000E
__Hintentry                             intentry     000000
__Hintret                               intret       000000
__Hintsave_regs                         intsave_regs 000000
__Hirdata                               irdata       000000
__Hmediumconst                          mediumconst  000000
__HnvFARRAM                             nvFARRAM     000000
__Hnvbit                                nvbit        000000
__Hnvrram                               nvrram       000000
__Hparam                                rparam       000000
__Hpowerup                              powerup      00000E
__Hram                                  ram          000000
__Hramtop                               ramtop       001000
__Hrbit                                 rbit         000000
__Hrbss                                 rbss         000000
__Hrdata                                rdata        000000
__Hreset_vec                            reset_vec    000004
__Hrparam                               rparam       000000
__Hsfr                                  sfr          000000
__Hsmallconst                           smallconst   001008
__Hspace_0                              (abs)        002E4C
__Hspace_1                              (abs)        000139
__Hspace_2                              (abs)        000000
__Hspace_4                              (abs)        60000E
__Hstack                                stack        000000
__Hstruct                               struct       000000
__Htemp                                 temp         00007D
__Htext                                 text         000000
__Htext0                                text0        000000
__Htext1                                text1        000000
__Htext10                               text10       000000
__Htext11                               text11       000000
__Htext12                               text12       000000
__Htext14                               text14       000000
__Htext15                               text15       000000
__Htext16                               text16       000000
__Htext17                               text17       000000
__Htext18                               text18       000000
__Htext19                               text19       000000
__Htext2                                text2        000000
__Htext20                               text20       000000
__Htext21                               text21       000000
__Htext22                               text22       000000
__Htext23                               text23       000000
__Htext24                               text24       000000
__Htext25                               text25       000000
__Htext26                               text26       000000
__Htext27                               text27       000000
__Htext3                                text3        000000
__Htext4                                text4        000000
__Htext5                                text5        000000
__Htext6                                text6        000000
__Htext7                                text7        000000
__Htext8                                text8        000000
__Htext9                                text9        000000
__LRAM                                  (abs)        000001
__L__absolute__                         __absolute__ 000000
__Labs1                                 abs1         000000
__Lbank0                                bank0        000000
__Lbank1                                bank1        000000
__Lbank10                               bank10       000000
__Lbank11                               bank11       000000
__Lbank12                               bank12       000000
__Lbank13                               bank13       000000
__Lbank14                               bank14       000000
__Lbank15                               bank15       000000
__Lbank2                                bank2        000000
__Lbank3                                bank3        000000
__Lbank4                                bank4        000000
__Lbank5                                bank5        000000
__Lbank6                                bank6        000000
__Lbank7                                bank7        000000
__Lbank8                                bank8        000000
__Lbank9                                bank9        000000
__Lbigbss                               bigbss       000000
__Lbigdata                              bigdata      000000
__Lbigram                               bigram       000000
__Lbigsfr                               bigsfr       000000
__Lbss                                  bss          000000
__LbssBANK0                             bssBANK0     000000
__LbssCOMRAM                            bssCOMRAM    000000
__Lcinit                                cinit        000000
__Lclrtext                              clrtext      000000
__Lcomram                               comram       000000
__Lconfig                               config       000000
__Lconst                                const        000000
__LcstackBANK0                          cstackBANK0  000000
__LcstackBANK1                          cstackBANK1  000000
__LcstackCOMRAM                         cstackCOMRAM 000000
__Ldata                                 data         000000
__LdataBANK0                            dataBANK0    000000
__LdataBANK1                            dataBANK1    000000
__LdataCOMRAM                           dataCOMRAM   000000
__Leeprom_data                          eeprom_data  000000
__Lfarbss                               farbss       000000
__Lfardata                              fardata      000000
__Lheap                                 heap         000000
__Libigdata                             ibigdata     000000
__Lidata                                idata        000000
__LidataBANK0                           idataBANK0   000000
__LidataBANK1                           idataBANK1   000000
__LidataCOMRAM                          idataCOMRAM  000000
__Lidloc                                idloc        000000
__Lifardata                             ifardata     000000
__Linit                                 init         00000E
__Lintcode                              intcode      000008
__Lintcode_body                         intcode_body 000000
__Lintcodelo                            intcodelo    00000E
__Lintentry                             intentry     000000
__Lintret                               intret       000000
__Lintsave_regs                         intsave_regs 000000
__Lirdata                               irdata       000000
__Lmediumconst                          mediumconst  000000
__LnvFARRAM                             nvFARRAM     000000
__Lnvbit                                nvbit        000000
__Lnvrram                               nvrram       000000
__Lparam                                rparam       000000
__Lpowerup                              powerup      00000E
__Lram                                  ram          000000
__Lramtop                               ramtop       001000
__Lrbit                                 rbit         000000
__Lrbss                                 rbss         000000
__Lrdata                                rdata        000000
__Lreset_vec                            reset_vec    000000
__Lrparam                               rparam       000000
__Lsfr                                  sfr          000000
__Lsmallconst                           smallconst   001000
__Lspace_0                              (abs)        000000
__Lspace_1                              (abs)        000000
__Lspace_2                              (abs)        000000
__Lspace_4                              (abs)        000000
__Lstack                                stack        000000
__Lstruct                               struct       000000
__Ltemp                                 temp         00007C
__Ltext                                 text         000000
__Ltext0                                text0        000000
__Ltext1                                text1        000000
__Ltext10                               text10       000000
__Ltext11                               text11       000000
__Ltext12                               text12       000000
__Ltext14                               text14       000000
__Ltext15                               text15       000000
__Ltext16                               text16       000000
__Ltext17                               text17       000000
__Ltext18                               text18       000000
__Ltext19                               text19       000000
__Ltext2                                text2        000000
__Ltext20                               text20       000000
__Ltext21                               text21       000000
__Ltext22                               text22       000000
__Ltext23                               text23       000000
__Ltext24                               text24       000000
__Ltext25                               text25       000000
__Ltext26                               text26       000000
__Ltext27                               text27       000000
__Ltext3                                text3        000000
__Ltext4                                text4        000000
__Ltext5                                text5        000000
__Ltext6                                text6        000000
__Ltext7                                text7        000000
__Ltext8                                text8        000000
__Ltext9                                text9        000000
__S0                                    (abs)        002E4C
__S1                                    (abs)        000139
__S4                                    (abs)        000000
__S5                                    (abs)        000000
___fladd                                text12       001008
___fladd@a                              cstackCOMRAM 000048
___fladd@aexp                           cstackCOMRAM 000051
___fladd@b                              cstackCOMRAM 000044
___fladd@bexp                           cstackCOMRAM 000052
___fladd@grs                            cstackCOMRAM 000053
___fladd@signs                          cstackCOMRAM 000050
___fldiv                                text11       0018F2
___fldiv@a                              cstackCOMRAM 000016
___fldiv@aexp                           cstackCOMRAM 00002A
___fldiv@b                              cstackCOMRAM 000012
___fldiv@bexp                           cstackCOMRAM 000029
___fldiv@grs                            cstackCOMRAM 000025
___fldiv@new_exp                        cstackCOMRAM 000023
___fldiv@rem                            cstackCOMRAM 00001E
___fldiv@sign                           cstackCOMRAM 000022
___flmul                                text10       0014C8
___flmul@a                              cstackCOMRAM 00002F
___flmul@aexp                           cstackCOMRAM 000038
___flmul@b                              cstackCOMRAM 00002B
___flmul@bexp                           cstackCOMRAM 00003D
___flmul@grs                            cstackCOMRAM 000039
___flmul@prod                           cstackCOMRAM 00003E
___flmul@sign                           cstackCOMRAM 000037
___flmul@temp                           cstackCOMRAM 000042
___fltol                                text9        0029EA
___fltol@exp1                           cstackCOMRAM 00005D
___fltol@f1                             cstackCOMRAM 000054
___fltol@sign1                          cstackCOMRAM 00005C
___heap_hi                              (abs)        000000
___heap_lo                              (abs)        000000
___inthi_sp                             stack        000000
___intlo_sp                             stack        000000
___param_bank                           (abs)        000000
___rparam_used                          (abs)        000001
___sp                                   stack        000000
___xxtofl                               text8        00229C
___xxtofl@arg                           cstackCOMRAM 00000E
___xxtofl@exp                           cstackCOMRAM 00000D
___xxtofl@sign                          cstackCOMRAM 00000C
___xxtofl@val                           cstackCOMRAM 000004
__accesstop                             (abs)        000080
__activetblptr                          (abs)        000003
__end_of_ADC_ISR                        text27       002E4C
__end_of_CCP1_ISR                       text26       002E48
__end_of_CCP2_ISR                       text25       002D78
__end_of_CCP_PWM_Init                   text4        00229C
__end_of_CCP_PWM_Set_Duty               text3        00276A
__end_of_CCP_PWM_Start                  text2        002CE6
__end_of_INT0_ISR                       text24       002E44
__end_of_INT1_ISR                       text23       002E40
__end_of_INT2_ISR                       text22       002E3C
__end_of_Interrupt_Manager              intcode_body 002002
__end_of_RB4_ISR                        text21       002E0E
__end_of_RB5_ISR                        text20       002DF4
__end_of_RB6_ISR                        text19       002DDA
__end_of_RB7_ISR                        text18       002DC0
__end_of_TIMER0_ISR                     text17       002E34
__end_of_TIMER1_ISR                     text16       002E28
__end_of_TIMER2_ISR                     text15       002D18
__end_of_TIMER3_ISR                     text14       002E1C
__end_of_Timer2_Init                    text1        002B8E
__end_of___fladd                        text12       0014C8
__end_of___fldiv                        text11       001C8C
__end_of___flmul                        text10       0018F2
__end_of___fltol                        text9        002AF0
__end_of___xxtofl                       text8        002450
__end_of__initialization                cinit        002C06
__end_of_gpio_pin_direction_intialize   text7        0028AE
__end_of_gpio_pin_intialize             text5        002C7C
__end_of_gpio_pin_write_logic           text6        0029EA
__end_of_main                           text0        0025EA
__initialization                        cinit        002B8E
__mediumconst                           mediumconst  000000
__pbssBANK0                             bssBANK0     000080
__pbssCOMRAM                            bssCOMRAM    00006A
__pcinit                                cinit        002B8E
__pcstackBANK0                          cstackBANK0  0000FD
__pcstackBANK1                          cstackBANK1  000130
__pcstackCOMRAM                         cstackCOMRAM 000001
__pdataBANK0                            dataBANK0    0000CF
__pdataBANK1                            dataBANK1    000100
__pdataCOMRAM                           dataCOMRAM   000078
__pidataBANK0                           idataBANK0   002D78
__pidataBANK1                           idataBANK1   002D18
__pidataCOMRAM                          idataCOMRAM  002E34
__pintcode                              intcode      000008
__pintcode_body                         intcode_body 001C8C
__psmallconst                           smallconst   001000
__ptext0                                text0        002450
__ptext1                                text1        002AF0
__ptext10                               text10       0014C8
__ptext11                               text11       0018F2
__ptext12                               text12       001008
__ptext14                               text14       002E0E
__ptext15                               text15       002CE6
__ptext16                               text16       002E1C
__ptext17                               text17       002E28
__ptext18                               text18       002DA6
__ptext19                               text19       002DC0
__ptext2                                text2        002C7C
__ptext20                               text20       002DDA
__ptext21                               text21       002DF4
__ptext22                               text22       002E38
__ptext23                               text23       002E3C
__ptext24                               text24       002E40
__ptext25                               text25       002D48
__ptext26                               text26       002E44
__ptext27                               text27       002E48
__ptext3                                text3        0025EA
__ptext4                                text4        002002
__ptext5                                text5        002C10
__ptext6                                text6        0028AE
__ptext7                                text7        00276A
__ptext8                                text8        00229C
__ptext9                                text9        0029EA
__ramtop                                ramtop       001000
__smallconst                            smallconst   001000
_ccp1_obj                               bssBANK0     0000BC
_ccp2_obj                               bssBANK0     0000AE
_gpio_pin_direction_intialize           text7        00276A
_gpio_pin_intialize                     text5        002C10
_gpio_pin_write_logic                   text6        0028AE
_keypad_btn_values                      dataBANK1    000100
_lat_registers                          dataBANK0    0000D9
_lcd_1                                  dataBANK0    0000F7
_lcd_2                                  dataBANK0    0000ED
_main                                   text0        002450
_port_registers                         dataBANK0    0000CF
_timer0_preload                         bssCOMRAM    00006E
_timer1_preload                         bssCOMRAM    00006C
_timer2                                 bssBANK0     0000CA
_timer2_preloaded                       bssCOMRAM    000070
_timer3_preload                         bssBANK0     00008E
_tris_registers                         dataBANK0    0000E3
btemp                                   temp         00007C
end_of_initialization                   cinit        002C06
gpio_pin_direction_intialize@pin_config cstackCOMRAM 000004
gpio_pin_direction_intialize@ret        cstackCOMRAM 00000C
gpio_pin_intialize@pin_config           cstackCOMRAM 00000E
gpio_pin_intialize@ret                  cstackCOMRAM 000011
gpio_pin_write_logic@logic              cstackCOMRAM 000006
gpio_pin_write_logic@pin_config         cstackCOMRAM 000004
gpio_pin_write_logic@ret                cstackCOMRAM 00000D
int$flags                               temp         00007C
int_func                                intcode_body 001C8C
intlevel0                               text         000000
intlevel1                               text         000000
intlevel2                               text         000000
intlevel3                               text         000000
isa$std                                 (abs)        000001
isa$xinst                               (abs)        000000
led_initialize@F3048                    bssCOMRAM    000077
led_toggle@F3063                        bssCOMRAM    000074
led_turn_off@F3058                      bssCOMRAM    000075
led_turn_on@F3053                       bssCOMRAM    000076
stackhi                                 (abs)        000000
stacklo                                 (abs)        000000
start                                   init         00000E
start_initialization                    cinit        002B8E
ttemp5                                  temp         00007D
ttemp6                                  temp         000080
ttemp7                                  temp         000084
wtemp8                                  temp         00007D


MODULE INFORMATION

Module		Function		Class		Link	Load	Size
MCAL_Layer/interrupt/mcal_external_interrupt.c
		_RB4_ISR       		CODE           	2DF4	0000	26
		_RB5_ISR       		CODE           	2DDA	0000	26
		_RB6_ISR       		CODE           	2DC0	0000	26
		_RB7_ISR       		CODE           	2DA6	0000	26
		_INT0_ISR      		CODE           	2E40	0000	4
		_INT1_ISR      		CODE           	2E3C	0000	4
		_INT2_ISR      		CODE           	2E38	0000	4

MCAL_Layer/interrupt/mcal_external_interrupt.c estimated size: 116

MCAL_Layer/Timer/hal_Timer0.c
		_TIMER0_ISR    		CODE           	2E28	0000	12

MCAL_Layer/Timer/hal_Timer0.c estimated size: 12

D:\Embeded-Compiler\pic\sources\c99\common\xxtofl.c
		___xxtofl      		CODE           	229C	0000	436

D:\Embeded-Compiler\pic\sources\c99\common\xxtofl.c estimated size: 436

D:\Embeded-Compiler\pic\sources\c99\common\fltol.c
		___fltol       		CODE           	29EA	0000	262

D:\Embeded-Compiler\pic\sources\c99\common\fltol.c estimated size: 262

D:\Embeded-Compiler\pic\sources\c99\common\sprcmul.c
		___flmul       		CODE           	14C8	0000	1066

D:\Embeded-Compiler\pic\sources\c99\common\sprcmul.c estimated size: 1066

MCAL_Layer/CCP1/hal_ccp.c
		_CCP1_ISR      		CODE           	2E44	0000	4
		_CCP2_ISR      		CODE           	2D48	0000	48
		_CCP_PWM_Init  		CODE           	2002	0000	666
		_CCP_PWM_Start 		CODE           	2C7C	0000	106
		_CCP_PWM_Set_Duty		CODE           	25EA	0000	384

MCAL_Layer/CCP1/hal_ccp.c estimated size: 1208

D:\Embeded-Compiler\pic\sources\c99\common\sprcdiv.c
		___fldiv       		CODE           	18F2	0000	922

D:\Embeded-Compiler\pic\sources\c99\common\sprcdiv.c estimated size: 922

shared
		__initialization		CODE           	2B8E	0000	120

shared estimated size: 120

MCAL_Layer/ADC/hal_adc.c
		_ADC_ISR       		CODE           	2E48	0000	4

MCAL_Layer/ADC/hal_adc.c estimated size: 4

MCAL_Layer/GPIO/hal_gpio.c
		_gpio_pin_write_logic		CODE           	28AE	0000	316
		_gpio_pin_intialize		CODE           	2C10	0000	108
		_gpio_pin_direction_intialize		CODE           	276A	0000	324

MCAL_Layer/GPIO/hal_gpio.c estimated size: 748

D:\Embeded-Compiler\pic\sources\c99\common\sprcadd.c
		___fladd       		CODE           	1008	0000	1216

D:\Embeded-Compiler\pic\sources\c99\common\sprcadd.c estimated size: 1216

application.c
		_main          		CODE           	2450	0000	410

application.c estimated size: 410

MCAL_Layer/Timer3/hal_timer3.c
		_TIMER3_ISR    		CODE           	2E0E	0000	14

MCAL_Layer/Timer3/hal_timer3.c estimated size: 14

MCAL_Layer/Timer2/hal_timer2.c
		_TIMER2_ISR    		CODE           	2CE6	0000	50
		_Timer2_Init   		CODE           	2AF0	0000	158

MCAL_Layer/Timer2/hal_timer2.c estimated size: 208

MCAL_Layer/Timer1/hal_timer1.c
		_TIMER1_ISR    		CODE           	2E1C	0000	12

MCAL_Layer/Timer1/hal_timer1.c estimated size: 12

MCAL_Layer/interrupt/mcal_interrupt_manager.c
		_Interrupt_Manager		CODE           	0008	0000	892

MCAL_Layer/interrupt/mcal_interrupt_manager.c estimated size: 892

